D:\DEVELOPMENT\SETTLERS2\SETTLERS2\DEBUG\AISYSTEM.OBJ
D:\DEVELOPMENT\SETTLERS2\SETTLERS2\DEBUG\BATCHBUILDER.OBJ
D:\DEVELOPMENT\SETTLERS2\SETTLERS2\DEBUG\BINFILEMANAGER.OBJ
D:\DEVELOPMENT\SETTLERS2\SETTLERS2\DEBUG\BITMAPFONT.OBJ
D:\DEVELOPMENT\SETTLERS2\SETTLERS2\DEBUG\BITMAPTEXT.OBJ
D:\DEVELOPMENT\SETTLERS2\SETTLERS2\DEBUG\BUILDING.OBJ
D:\DEVELOPMENT\SETTLERS2\SETTLERS2\DEBUG\BUILDMENU.OBJ
D:\DEVELOPMENT\SETTLERS2\SETTLERS2\DEBUG\BUTTON.OBJ
D:\DEVELOPMENT\SETTLERS2\SETTLERS2\DEBUG\CAMERA.OBJ
D:\DEVELOPMENT\SETTLERS2\SETTLERS2\DEBUG\CARRIERMANAGER.OBJ
D:\development\Settlers2\Settlers2\Debug\cl.command.1.tlog
D:\development\Settlers2\Settlers2\Debug\CL.read.1.tlog
D:\development\Settlers2\Settlers2\Debug\CL.write.1.tlog
D:\DEVELOPMENT\SETTLERS2\SETTLERS2\DEBUG\COLLIDER.OBJ
D:\DEVELOPMENT\SETTLERS2\SETTLERS2\DEBUG\DEBUGOVERLAY.OBJ
D:\DEVELOPMENT\SETTLERS2\SETTLERS2\DEBUG\ECONOMYMANAGER.OBJ
D:\DEVELOPMENT\SETTLERS2\SETTLERS2\DEBUG\ECONOMYSYSTEM.OBJ
D:\DEVELOPMENT\SETTLERS2\SETTLERS2\DEBUG\EDITORSCENE.OBJ
D:\DEVELOPMENT\SETTLERS2\SETTLERS2\DEBUG\EDITORUI.OBJ
D:\DEVELOPMENT\SETTLERS2\SETTLERS2\DEBUG\ENTITY.OBJ
D:\DEVELOPMENT\SETTLERS2\SETTLERS2\DEBUG\ENTITYMANAGER.OBJ
D:\DEVELOPMENT\SETTLERS2\SETTLERS2\DEBUG\FALLBACKRESOURCES.OBJ
D:\DEVELOPMENT\SETTLERS2\SETTLERS2\DEBUG\GAMEENGINE.OBJ
D:\DEVELOPMENT\SETTLERS2\SETTLERS2\DEBUG\GAMEPAD.OBJ
D:\DEVELOPMENT\SETTLERS2\SETTLERS2\DEBUG\GAMESCENE.OBJ
D:\DEVELOPMENT\SETTLERS2\SETTLERS2\DEBUG\GPUTIMER.OBJ
D:\DEVELOPMENT\SETTLERS2\SETTLERS2\DEBUG\GRIDMENU.OBJ
D:\DEVELOPMENT\SETTLERS2\SETTLERS2\DEBUG\INPUTCONTEXT.OBJ
D:\DEVELOPMENT\SETTLERS2\SETTLERS2\DEBUG\INPUTCONTROLLER.OBJ
D:\DEVELOPMENT\SETTLERS2\SETTLERS2\DEBUG\INPUTMANAGER.OBJ
D:\DEVELOPMENT\SETTLERS2\SETTLERS2\DEBUG\ISOGRID.OBJ
D:\DEVELOPMENT\SETTLERS2\SETTLERS2\DEBUG\LANGUAGEMANAGER.OBJ
D:\DEVELOPMENT\SETTLERS2\SETTLERS2\DEBUG\LIGHT.OBJ
D:\DEVELOPMENT\SETTLERS2\SETTLERS2\DEBUG\LIGHTOPTIMIZER.OBJ
D:\development\Settlers2\Settlers2\Debug\link.command.1.tlog
D:\development\Settlers2\Settlers2\Debug\link.read.1.tlog
D:\development\Settlers2\Settlers2\Debug\link.write.1.tlog
D:\DEVELOPMENT\SETTLERS2\SETTLERS2\DEBUG\LOADINGSCENE.OBJ
D:\DEVELOPMENT\SETTLERS2\SETTLERS2\DEBUG\MAP.OBJ
D:\DEVELOPMENT\SETTLERS2\SETTLERS2\DEBUG\MAPEDITOR.OBJ
D:\DEVELOPMENT\SETTLERS2\SETTLERS2\DEBUG\MAPSERIALIZER.OBJ
D:\DEVELOPMENT\SETTLERS2\SETTLERS2\DEBUG\MENUSCENE.OBJ
D:\DEVELOPMENT\SETTLERS2\SETTLERS2\DEBUG\MINIMAP.OBJ
D:\DEVELOPMENT\SETTLERS2\SETTLERS2\DEBUG\MODEL.OBJ
D:\DEVELOPMENT\SETTLERS2\SETTLERS2\DEBUG\OVERLAYFPS.OBJ
D:\DEVELOPMENT\SETTLERS2\SETTLERS2\DEBUG\PANEL.OBJ
D:\DEVELOPMENT\SETTLERS2\SETTLERS2\DEBUG\PATHFINDINGSYSTEM.OBJ
D:\DEVELOPMENT\SETTLERS2\SETTLERS2\DEBUG\PHYSICSSYSTEM.OBJ
D:\DEVELOPMENT\SETTLERS2\SETTLERS2\DEBUG\POSTFX.OBJ
D:\DEVELOPMENT\SETTLERS2\SETTLERS2\DEBUG\POSTPROCESSING.OBJ
D:\DEVELOPMENT\SETTLERS2\SETTLERS2\DEBUG\QUAD.OBJ
D:\DEVELOPMENT\SETTLERS2\SETTLERS2\DEBUG\RADIALMENU.OBJ
D:\DEVELOPMENT\SETTLERS2\SETTLERS2\DEBUG\RENDERDEBUGOVERLAY.OBJ
D:\DEVELOPMENT\SETTLERS2\SETTLERS2\DEBUG\RENDERER.OBJ
D:\DEVELOPMENT\SETTLERS2\SETTLERS2\DEBUG\RENDERFRAME.OBJ
D:\DEVELOPMENT\SETTLERS2\SETTLERS2\DEBUG\RENDERQUEUE.OBJ
D:\DEVELOPMENT\SETTLERS2\SETTLERS2\DEBUG\RENDERSTATEVALIDATOR.OBJ
D:\DEVELOPMENT\SETTLERS2\SETTLERS2\DEBUG\RENDERSYSTEM.OBJ
D:\DEVELOPMENT\SETTLERS2\SETTLERS2\DEBUG\RENDERTARGETMANAGER.OBJ
D:\DEVELOPMENT\SETTLERS2\SETTLERS2\DEBUG\RESOURCE.OBJ
D:\DEVELOPMENT\SETTLERS2\SETTLERS2\DEBUG\RESOURCEBAR.OBJ
D:\DEVELOPMENT\SETTLERS2\SETTLERS2\DEBUG\SCENE.OBJ
D:\DEVELOPMENT\SETTLERS2\SETTLERS2\DEBUG\SCENEMANAGER.OBJ
D:\DEVELOPMENT\SETTLERS2\SETTLERS2\DEBUG\SCREENKEYBOARD.OBJ
D:\DEVELOPMENT\SETTLERS2\SETTLERS2\DEBUG\SETTLERS2.EXE
D:\DEVELOPMENT\SETTLERS2\SETTLERS2\DEBUG\SETTLERS2.ILK
D:\DEVELOPMENT\SETTLERS2\SETTLERS2\DEBUG\SETTLERS2.OBJ
D:\DEVELOPMENT\SETTLERS2\SETTLERS2\DEBUG\SETTLERS2.PCH
D:\DEVELOPMENT\SETTLERS2\SETTLERS2\DEBUG\SETTLERS2.PDB
D:\development\Settlers2\Settlers2\Debug\Settlers2.vcxprojResolveAssemblyReference.cache
D:\development\Settlers2\Settlers2\Debug\Settlers2.write.1.tlog
D:\development\Settlers2\Settlers2\Debug\Settlers2.xdb
D:\development\Settlers2\Settlers2\Debug\Settlers2.xex
D:\DEVELOPMENT\SETTLERS2\SETTLERS2\DEBUG\SHADERMANAGER.OBJ
D:\DEVELOPMENT\SETTLERS2\SETTLERS2\DEBUG\SPRITE.OBJ
D:\DEVELOPMENT\SETTLERS2\SETTLERS2\DEBUG\SPRITEATLAS.OBJ
D:\DEVELOPMENT\SETTLERS2\SETTLERS2\DEBUG\SPRITERENDERER.OBJ
D:\DEVELOPMENT\SETTLERS2\SETTLERS2\DEBUG\SPRITESHADOW.OBJ
D:\DEVELOPMENT\SETTLERS2\SETTLERS2\DEBUG\STDAFX.OBJ
D:\DEVELOPMENT\SETTLERS2\SETTLERS2\DEBUG\TEXTMANAGER.OBJ
D:\DEVELOPMENT\SETTLERS2\SETTLERS2\DEBUG\TEXTURELOADER.OBJ
D:\DEVELOPMENT\SETTLERS2\SETTLERS2\DEBUG\TEXTUREREGISTRY.OBJ
D:\DEVELOPMENT\SETTLERS2\SETTLERS2\DEBUG\THREADSYNC.OBJ
D:\DEVELOPMENT\SETTLERS2\SETTLERS2\DEBUG\TILELAYER.OBJ
D:\DEVELOPMENT\SETTLERS2\SETTLERS2\DEBUG\TILEPALETTE.OBJ
D:\DEVELOPMENT\SETTLERS2\SETTLERS2\DEBUG\TILERENDERER.OBJ
D:\DEVELOPMENT\SETTLERS2\SETTLERS2\DEBUG\TRANSFORM.OBJ
D:\DEVELOPMENT\SETTLERS2\SETTLERS2\DEBUG\UIMANAGER.OBJ
D:\DEVELOPMENT\SETTLERS2\SETTLERS2\DEBUG\UNIT.OBJ
D:\DEVELOPMENT\SETTLERS2\SETTLERS2\DEBUG\UNITMANAGER.OBJ
D:\development\Settlers2\Settlers2\Debug\vc100.idb
D:\DEVELOPMENT\SETTLERS2\SETTLERS2\DEBUG\VC100.PDB
D:\DEVELOPMENT\SETTLERS2\SETTLERS2\DEBUG\WEIGHTMAP.OBJ
D:\DEVELOPMENT\SETTLERS2\SETTLERS2\DEBUG\WEIGHTMENU.OBJ
D:\DEVELOPMENT\SETTLERS2\SETTLERS2\DEBUG\WIDGET.OBJ
D:\DEVELOPMENT\SETTLERS2\SETTLERS2\DEBUG\WILDLIFESYSTEM.OBJ
D:\DEVELOPMENT\SETTLERS2\SETTLERS2\DEBUG\XBOX360EDRAM.OBJ
