D:\DEVELOPMENT\SETTLERS2\SETTLERS2\RELEASE\BATCHBUILDER.OBJ
D:\DEVELOPMENT\SETTLERS2\SETTLERS2\RELEASE\BINFILEMANAGER.OBJ
D:\DEVELOPMENT\SETTLERS2\SETTLERS2\RELEASE\BITMAPFONT.OBJ
D:\DEVELOPMENT\SETTLERS2\SETTLERS2\RELEASE\BITMAPTEXT.OBJ
D:\DEVELOPMENT\SETTLERS2\SETTLERS2\RELEASE\BUILDING.OBJ
D:\DEVELOPMENT\SETTLERS2\SETTLERS2\RELEASE\BUILDMENU.OBJ
D:\DEVELOPMENT\SETTLERS2\SETTLERS2\RELEASE\BUTTON.OBJ
D:\DEVELOPMENT\SETTLERS2\SETTLERS2\RELEASE\CAMERA.OBJ
D:\DEVELOPMENT\SETTLERS2\SETTLERS2\RELEASE\CARRIERMANAGER.OBJ
D:\development\Settlers2\Settlers2\Release\cl.command.1.tlog
D:\development\Settlers2\Settlers2\Release\CL.read.1.tlog
D:\development\Settlers2\Settlers2\Release\CL.write.1.tlog
D:\DEVELOPMENT\SETTLERS2\SETTLERS2\RELEASE\COLLIDER.OBJ
D:\DEVELOPMENT\SETTLERS2\SETTLERS2\RELEASE\CONSTRUCTIONMANAGER.OBJ
D:\DEVELOPMENT\SETTLERS2\SETTLERS2\RELEASE\CONSTRUCTIONSITE.OBJ
D:\DEVELOPMENT\SETTLERS2\SETTLERS2\RELEASE\DEBUGOVERLAY.OBJ
D:\DEVELOPMENT\SETTLERS2\SETTLERS2\RELEASE\ECONOMYMANAGER.OBJ
D:\DEVELOPMENT\SETTLERS2\SETTLERS2\RELEASE\ECONOMYSYSTEM.OBJ
D:\DEVELOPMENT\SETTLERS2\SETTLERS2\RELEASE\EDITORUI.OBJ
D:\DEVELOPMENT\SETTLERS2\SETTLERS2\RELEASE\ENTITY.OBJ
D:\DEVELOPMENT\SETTLERS2\SETTLERS2\RELEASE\ENTITYMANAGER.OBJ
D:\DEVELOPMENT\SETTLERS2\SETTLERS2\RELEASE\FALLBACKRESOURCES.OBJ
D:\DEVELOPMENT\SETTLERS2\SETTLERS2\RELEASE\FLAGMANAGER.OBJ
D:\DEVELOPMENT\SETTLERS2\SETTLERS2\RELEASE\GAMEPAD.OBJ
D:\DEVELOPMENT\SETTLERS2\SETTLERS2\RELEASE\GPUTIMER.OBJ
D:\DEVELOPMENT\SETTLERS2\SETTLERS2\RELEASE\GRIDMENU.OBJ
D:\DEVELOPMENT\SETTLERS2\SETTLERS2\RELEASE\INPUTCONTEXT.OBJ
D:\DEVELOPMENT\SETTLERS2\SETTLERS2\RELEASE\INPUTCONTROLLER.OBJ
D:\DEVELOPMENT\SETTLERS2\SETTLERS2\RELEASE\INPUTMANAGER.OBJ
D:\DEVELOPMENT\SETTLERS2\SETTLERS2\RELEASE\ISOGRID.OBJ
D:\DEVELOPMENT\SETTLERS2\SETTLERS2\RELEASE\JOBMANAGER.OBJ
D:\DEVELOPMENT\SETTLERS2\SETTLERS2\RELEASE\LANGUAGEMANAGER.OBJ
D:\DEVELOPMENT\SETTLERS2\SETTLERS2\RELEASE\LIGHT.OBJ
D:\DEVELOPMENT\SETTLERS2\SETTLERS2\RELEASE\LIGHTOPTIMIZER.OBJ
D:\DEVELOPMENT\SETTLERS2\SETTLERS2\RELEASE\LOADINGSCENE.OBJ
D:\DEVELOPMENT\SETTLERS2\SETTLERS2\RELEASE\MODEL.OBJ
D:\DEVELOPMENT\SETTLERS2\SETTLERS2\RELEASE\OBJECTDELETIONRULES.OBJ
D:\DEVELOPMENT\SETTLERS2\SETTLERS2\RELEASE\OBJECTLIFECYCLEMANAGER.OBJ
D:\DEVELOPMENT\SETTLERS2\SETTLERS2\RELEASE\OVERLAYFPS.OBJ
D:\DEVELOPMENT\SETTLERS2\SETTLERS2\RELEASE\PANEL.OBJ
D:\DEVELOPMENT\SETTLERS2\SETTLERS2\RELEASE\PATHFINDINGSYSTEM.OBJ
D:\DEVELOPMENT\SETTLERS2\SETTLERS2\RELEASE\PHYSICSSYSTEM.OBJ
D:\DEVELOPMENT\SETTLERS2\SETTLERS2\RELEASE\POSTFX.OBJ
D:\DEVELOPMENT\SETTLERS2\SETTLERS2\RELEASE\POSTPROCESSING.OBJ
D:\DEVELOPMENT\SETTLERS2\SETTLERS2\RELEASE\QUAD.OBJ
D:\DEVELOPMENT\SETTLERS2\SETTLERS2\RELEASE\RADIALMENU.OBJ
D:\DEVELOPMENT\SETTLERS2\SETTLERS2\RELEASE\RENDERDEBUGOVERLAY.OBJ
D:\DEVELOPMENT\SETTLERS2\SETTLERS2\RELEASE\RENDERER.OBJ
D:\DEVELOPMENT\SETTLERS2\SETTLERS2\RELEASE\RENDERFRAME.OBJ
D:\DEVELOPMENT\SETTLERS2\SETTLERS2\RELEASE\RENDERQUEUE.OBJ
D:\DEVELOPMENT\SETTLERS2\SETTLERS2\RELEASE\RENDERSTATEVALIDATOR.OBJ
D:\DEVELOPMENT\SETTLERS2\SETTLERS2\RELEASE\RENDERSYSTEM.OBJ
D:\DEVELOPMENT\SETTLERS2\SETTLERS2\RELEASE\RENDERTARGETMANAGER.OBJ
D:\DEVELOPMENT\SETTLERS2\SETTLERS2\RELEASE\RESOURCE.OBJ
D:\DEVELOPMENT\SETTLERS2\SETTLERS2\RELEASE\RESOURCEBAR.OBJ
D:\DEVELOPMENT\SETTLERS2\SETTLERS2\RELEASE\ROADMANAGER.OBJ
D:\DEVELOPMENT\SETTLERS2\SETTLERS2\RELEASE\SCENE.OBJ
D:\DEVELOPMENT\SETTLERS2\SETTLERS2\RELEASE\SCENEMANAGER.OBJ
D:\DEVELOPMENT\SETTLERS2\SETTLERS2\RELEASE\SCREENKEYBOARD.OBJ
D:\DEVELOPMENT\SETTLERS2\SETTLERS2\RELEASE\SETTLERS2.OBJ
D:\DEVELOPMENT\SETTLERS2\SETTLERS2\RELEASE\SETTLERS2.PCH
D:\development\Settlers2\Settlers2\Release\Settlers2.write.1.tlog
D:\DEVELOPMENT\SETTLERS2\SETTLERS2\RELEASE\SHADERMANAGER.OBJ
D:\DEVELOPMENT\SETTLERS2\SETTLERS2\RELEASE\SPRITEATLAS.OBJ
D:\DEVELOPMENT\SETTLERS2\SETTLERS2\RELEASE\SPRITERENDERER.OBJ
D:\DEVELOPMENT\SETTLERS2\SETTLERS2\RELEASE\SPRITESHADOW.OBJ
D:\DEVELOPMENT\SETTLERS2\SETTLERS2\RELEASE\STDAFX.OBJ
D:\DEVELOPMENT\SETTLERS2\SETTLERS2\RELEASE\TEXTMANAGER.OBJ
D:\DEVELOPMENT\SETTLERS2\SETTLERS2\RELEASE\TEXTURELOADER.OBJ
D:\DEVELOPMENT\SETTLERS2\SETTLERS2\RELEASE\TEXTUREREGISTRY.OBJ
D:\DEVELOPMENT\SETTLERS2\SETTLERS2\RELEASE\THREADSYNC.OBJ
D:\DEVELOPMENT\SETTLERS2\SETTLERS2\RELEASE\TILELAYER.OBJ
D:\DEVELOPMENT\SETTLERS2\SETTLERS2\RELEASE\TILEPALETTE.OBJ
D:\DEVELOPMENT\SETTLERS2\SETTLERS2\RELEASE\TRANSFORM.OBJ
D:\DEVELOPMENT\SETTLERS2\SETTLERS2\RELEASE\TRANSPORTJOBMANAGER.OBJ
D:\DEVELOPMENT\SETTLERS2\SETTLERS2\RELEASE\UIMANAGER.OBJ
D:\DEVELOPMENT\SETTLERS2\SETTLERS2\RELEASE\UNIT.OBJ
D:\DEVELOPMENT\SETTLERS2\SETTLERS2\RELEASE\VC100.PDB
D:\DEVELOPMENT\SETTLERS2\SETTLERS2\RELEASE\WEIGHTMAP.OBJ
D:\DEVELOPMENT\SETTLERS2\SETTLERS2\RELEASE\WEIGHTMENU.OBJ
D:\DEVELOPMENT\SETTLERS2\SETTLERS2\RELEASE\WIDGET.OBJ
D:\DEVELOPMENT\SETTLERS2\SETTLERS2\RELEASE\XBOX360EDRAM.OBJ
